error: expected `fn`
       = help: `#[catch]` can only be used on functions
 --> tests/ui-fail-stable/catch.rs:6:1
  |
6 | struct Catcher(String);
  | ^^^^^^

error: expected `fn`
       = help: `#[catch]` can only be used on functions
 --> tests/ui-fail-stable/catch.rs:9:7
  |
9 | const CATCH: &str = "Catcher";
  |       ^^^^^

error: expected integer or `default`, found string literal
       = help: `#[catch]` expects a status code int or `default`: `#[catch(404)]` or `#[catch(default)]`
  --> tests/ui-fail-stable/catch.rs:11:9
   |
11 | #[catch("404")]
   |         ^^^^^

error: unexpected keyed parameter: expected literal or identifier
       = help: `#[catch]` expects a status code int or `default`: `#[catch(404)]` or `#[catch(default)]`
  --> tests/ui-fail-stable/catch.rs:14:9
   |
14 | #[catch(code = "404")]
   |         ^^^^

error: unexpected keyed parameter: expected literal or identifier
       = help: `#[catch]` expects a status code int or `default`: `#[catch(404)]` or `#[catch(default)]`
  --> tests/ui-fail-stable/catch.rs:17:9
   |
17 | #[catch(code = 404)]
   |         ^^^^

error: status must be in range [100, 599]
       = help: `#[catch]` expects a status code int or `default`: `#[catch(404)]` or `#[catch(default)]`
  --> tests/ui-fail-stable/catch.rs:20:9
   |
20 | #[catch(99)]
   |         ^^

error: status must be in range [100, 599]
       = help: `#[catch]` expects a status code int or `default`: `#[catch(404)]` or `#[catch(default)]`
  --> tests/ui-fail-stable/catch.rs:23:9
   |
23 | #[catch(600)]
   |         ^^^

error: unexpected attribute parameter: `message`
       = help: `#[catch]` expects a status code int or `default`: `#[catch(404)]` or `#[catch(default)]`
  --> tests/ui-fail-stable/catch.rs:26:14
   |
26 | #[catch(400, message = "foo")]
   |              ^^^^^^^

error[E0277]: the trait bound `bool: FromError<'_>` is not satisfied
  --> tests/ui-fail-stable/catch.rs:30:35
   |
30 | fn f3(_request: &Request, _other: bool) { }
   |                                   ^^^^ the trait `FromRequest<'_>` is not implemented for `bool`, which is required by `bool: FromError<'_>`
   |
   = help: the following other types implement trait `FromError<'r>`:
             Status
             std::option::Option<&'r (dyn TypedError<'r> + 'r)>
             &'r rocket::Request<'r>
             &'r (dyn TypedError<'r> + 'r)
   = note: required for `bool` to implement `FromError<'_>`
